[13:56:51] [main/INFO]: Loading Minecraft 26.2 with Fabric Loader 0.19.3
[13:56:51] [main/INFO]: Mappings not present!
[13:56:51] [main/INFO]: Loading 51 mods:
	- fabric-api 0.152.0+26.2
	   |-- fabric-api-base 2.0.4+ece0632333
	   |-- fabric-api-lookup-api-v1 2.0.16+11e1c9a333
	   |-- fabric-biome-api-v1 18.0.6+c7bd5b8e33
	   |-- fabric-block-api-v1 3.0.3+ec56b60133
	   |-- fabric-block-getter-api-v2 2.0.7+ec56b60133
	   |-- fabric-command-api-v2 3.1.0+00cb034633
	   |-- fabric-content-registries-v0 11.2.1+d3d2fc7b33
	   |-- fabric-convention-tags-v2 4.6.3+2aae603833
	   |-- fabric-crash-report-info-v1 1.0.5+086d547a33
	   |-- fabric-creative-tab-api-v1 5.0.14+d871b99e33
	   |-- fabric-data-attachment-api-v1 2.2.16+aa0fd6fe33
	   |-- fabric-data-generation-api-v1 25.4.1+10e9a28b33
	   |-- fabric-debug-api-v1 1.0.2+c792624d33
	   |-- fabric-dimensions-v1 5.1.8+9cbf5da533
	   |-- fabric-entity-events-v1 5.0.5+06488ac133
	   |-- fabric-events-interaction-v0 5.2.6+8f57f7ee33
	   |-- fabric-game-rule-api-v1 4.0.8+46a6d00c33
	   |-- fabric-item-api-v1 14.1.6+0ecb053f33
	   |-- fabric-key-mapping-api-v1 2.0.5+e2bdee7833
	   |-- fabric-lifecycle-events-v1 4.1.2+089d615a33
	   |-- fabric-loot-api-v3 3.0.17+06488ac133
	   |-- fabric-menu-api-v1 2.0.16+086d547a33
	   |-- fabric-message-api-v1 7.0.7+086d547a33
	   |-- fabric-model-loading-api-v1 8.0.10+c80601bb33
	   |-- fabric-networking-api-v1 6.3.3+72073ef033
	   |-- fabric-object-builder-api-v1 24.0.6+46a6d00c33
	   |-- fabric-particles-v1 5.0.18+d1756aa933
	   |-- fabric-permission-api-v1 1.0.2+7c33558a33
	   |-- fabric-recipe-api-v1 9.0.19+11e1c9a333
	   |-- fabric-registry-sync-v0 7.1.0+c7bd5b8e33
	   |-- fabric-renderer-api-v1 14.0.0+e73ab60d33
	   |-- fabric-renderer-indigo 9.0.0+e73ab60d33
	   |-- fabric-rendering-fluids-v1 6.0.4+06488ac133
	   |-- fabric-rendering-v1 25.1.5+46a6d00c33
	   |-- fabric-resource-conditions-api-v1 6.1.0+10e9a28b33
	   |-- fabric-resource-loader-v0 3.3.20+4fc5413f33
	   |-- fabric-resource-loader-v1 2.0.13+9edec12633
	   |-- fabric-screen-api-v1 5.0.3+086d547a33
	   |-- fabric-serialization-api-v1 2.0.4+11a26f3133
	   |-- fabric-sound-api-v1 2.0.5+11a26f3133
	   |-- fabric-tag-api-v1 2.1.3+794df31d33
	   |-- fabric-transfer-api-v1 8.0.10+39b5a39233
	   \-- fabric-transitive-access-wideners-v1 8.1.3+e098252d33
	- fabric-client-gametest-api-v1 5.1.0+db57954833
	- fabric-gametest-api-v1 4.0.21+4a7fa08133
	- fabricloader 0.19.3
	   \-- mixinextras 0.5.4
	- java 25
	- minecraft 26.2
	- quiet_capability_probe 1.0.0
[13:56:52] [main/INFO]: SpongePowered MIXIN Subsystem Version=0.8.7 Source=file:/home/x/dev/minecraft-horror-mod-astra/.runtime/libraries/net/fabricmc/sponge-mixin/0.17.3+mixin.0.8.7/sponge-mixin-0.17.3+mixin.0.8.7.jar Service=Knot/Fabric Env=CLIENT
[13:56:52] [main/INFO]: Compatibility level set to JAVA_25
[13:56:53] [main/INFO]: Initializing MixinExtras via com.llamalad7.mixinextras.service.MixinExtrasServiceImpl(version=0.5.4).
[13:56:53] [Datafixer Bootstrap #0/INFO]: 295 Datafixer optimizations took 216 milliseconds
[13:56:56] [main/INFO]: Completely ignored arguments: []
[13:56:56] [Render thread/INFO]: Environment: Environment[sessionHost=https://sessionserver.mojang.com, servicesHost=https://api.minecraftservices.com, profilesHost=https://api.mojang.com, name=PROD]
[13:56:56] [Render thread/INFO]: Setting user: QuietTest
[13:56:57] [Render thread/INFO]: [Indigo] Registering Indigo renderer!
[13:56:57] [Render thread/ERROR]: Error parsing option value 4 for option Simulation Distance: Value 4 outside of range [5:33]
[13:56:57] [Render thread/ERROR]: Illegal option value 0 for Anisotropic Filtering
[13:56:57] [Render thread/INFO]: Backend library: LWJGL version 3.4.1-snapshot
[13:56:57] [Render thread/INFO]: Using graphics backend OpenGL, using drivers: 4.6 (Core Profile) Mesa 26.2.2
[13:56:57] [Render thread/INFO]: Using graphics device: llvmpipe (LLVM 21.1.8, 256 bits) (Mesa)
[13:56:57] [Render thread/INFO]: Using graphics device extensions: GL_ARB_multi_draw_indirect, GL_ARB_buffer_storage, GL_ARB_shader_draw_parameters, GL_ARB_base_instance, GL_KHR_debug, GL_ARB_draw_indirect, GL_ARB_clip_control, GL_ARB_vertex_attrib_binding, GL_ARB_direct_state_access, GL_EXT_texture_filter_anisotropic
[13:56:57] [Render thread/INFO]: Reloading ResourceManager: vanilla, fabric-api, fabric-api-base, fabric-api-lookup-api-v1, fabric-biome-api-v1, fabric-block-api-v1, fabric-block-getter-api-v2, fabric-client-gametest-api-v1, fabric-command-api-v2, fabric-content-registries-v0, fabric-convention-tags-v2, fabric-crash-report-info-v1, fabric-creative-tab-api-v1, fabric-data-attachment-api-v1, fabric-data-generation-api-v1, fabric-debug-api-v1, fabric-dimensions-v1, fabric-entity-events-v1, fabric-events-interaction-v0, fabric-game-rule-api-v1, fabric-gametest-api-v1, fabric-item-api-v1, fabric-key-mapping-api-v1, fabric-lifecycle-events-v1, fabric-loot-api-v3, fabric-menu-api-v1, fabric-message-api-v1, fabric-model-loading-api-v1, fabric-networking-api-v1, fabric-object-builder-api-v1, fabric-particles-v1, fabric-permission-api-v1, fabric-recipe-api-v1, fabric-registry-sync-v0, fabric-renderer-api-v1, fabric-renderer-indigo, fabric-rendering-fluids-v1, fabric-rendering-v1, fabric-resource-conditions-api-v1, fabric-resource-loader-v0, fabric-resource-loader-v1, fabric-screen-api-v1, fabric-serialization-api-v1, fabric-sound-api-v1, fabric-tag-api-v1, fabric-transfer-api-v1, fabric-transitive-access-wideners-v1, fabricloader
[13:56:57] [Worker-Main-20/INFO]: Found unifont_pua-17.0.01.hex, loading
[13:56:57] [Worker-Main-21/INFO]: Found unifont_all_no_pua-17.0.01.hex, loading
[13:56:57] [Worker-Main-6/INFO]: Found unifont_jp_patch-17.0.01.hex, loading
[13:56:58] [Render thread/INFO]: OpenAL initialized on device Null Output
[13:56:58] [Render thread/INFO]: Sound engine started
[13:56:58] [Render thread/INFO]: Created: 512x256x0 minecraft:textures/atlas/particles.png-atlas
[13:56:58] [Render thread/INFO]: Created: 128x128x0 minecraft:textures/atlas/decorated_pot.png-atlas
[13:56:58] [Render thread/INFO]: Created: 2048x1024x0 minecraft:textures/atlas/armor_trims.png-atlas
[13:56:58] [Render thread/INFO]: Created: 512x256x0 minecraft:textures/atlas/paintings.png-atlas
[13:56:58] [Render thread/INFO]: Created: 1024x512x0 minecraft:textures/atlas/shield_patterns.png-atlas
[13:56:58] [Render thread/INFO]: Created: 2048x2048x4 minecraft:textures/atlas/blocks.png-atlas
[13:56:59] [Render thread/INFO]: Created: 512x512x0 minecraft:textures/atlas/chest.png-atlas
[13:56:59] [Render thread/INFO]: Created: 256x128x0 minecraft:textures/atlas/celestials.png-atlas
[13:56:59] [Render thread/INFO]: Created: 1024x512x0 minecraft:textures/atlas/banner_patterns.png-atlas
[13:56:59] [Render thread/INFO]: Created: 1024x512x0 minecraft:textures/atlas/items.png-atlas
[13:56:59] [Render thread/INFO]: Created: 1024x1024x0 minecraft:textures/atlas/gui.png-atlas
[13:56:59] [Render thread/INFO]: Created: 128x64x0 minecraft:textures/atlas/map_decorations.png-atlas
[13:56:59] [Render thread/INFO]: Created: 512x512x0 minecraft:textures/atlas/shulker_boxes.png-atlas
[13:57:02] [Render thread/INFO]: Loaded 1585 recipes
[13:57:02] [Render thread/INFO]: Loaded 1688 advancements
[13:57:02] [Render thread/INFO]: World loading finished: null screen: net.minecraft.client.gui.screens.GenericMessageScreen@653fe804
[13:57:02] [Render thread/INFO]: Applied 0 biome modifications to 0 of 66 new biomes in 1.064 ms
[13:57:02] [Server thread/INFO]: Starting integrated minecraft server version 26.2
[13:57:02] [Server thread/INFO]: Generating keypair
[13:57:02] [Server thread/INFO]: Selecting global world spawn...
[13:57:02] [Server thread/INFO]: Loading 0 persistent chunks...
[13:57:02] [Server thread/INFO]: Preparing spawn area: 16%
[13:57:02] [Server thread/INFO]: Saving chunks for level 'ServerLevel[New World]'/minecraft:overworld
[13:57:02] [Server thread/INFO]: Saving chunks for level 'ServerLevel[New World]'/minecraft:the_nether
[13:57:02] [Server thread/INFO]: Saving chunks for level 'ServerLevel[New World]'/minecraft:the_end
[13:57:02] [Server thread/INFO]: ThreadedAnvilChunkStorage (world): All chunks are saved
[13:57:02] [Server thread/INFO]: ThreadedAnvilChunkStorage (DIM-1): All chunks are saved
[13:57:02] [Server thread/INFO]: ThreadedAnvilChunkStorage (DIM1): All chunks are saved
[13:57:02] [Server thread/INFO]: ThreadedAnvilChunkStorage: All dimensions are saved
[13:57:02] [Render thread/INFO]: World loading finished: null screen: net.minecraft.client.gui.screens.LevelLoadingScreen@1c447501
[13:57:02] [Render thread/INFO]: World loading finished: null screen: net.minecraft.client.gui.screens.LevelLoadingScreen@1c447501
[13:57:02] [Render thread/INFO]: World loading finished: null screen: net.minecraft.client.gui.screens.LevelLoadingScreen@1c447501
[13:57:02] [Render thread/INFO]: World loading finished: null screen: net.minecraft.client.gui.screens.LevelLoadingScreen@1c447501
[13:57:03] [Render thread/INFO]: World loading finished: null screen: net.minecraft.client.gui.screens.LevelLoadingScreen@1c447501
[13:57:03] [Render thread/INFO]: World loading finished: null screen: net.minecraft.client.gui.screens.LevelLoadingScreen@1c447501
[13:57:03] [Render thread/INFO]: World loading finished: null screen: net.minecraft.client.gui.screens.LevelLoadingScreen@1c447501
[13:57:03] [Server thread/INFO]: Loading 48 chunks for player spawn...
[13:57:03] [Server thread/INFO]: Preparing spawn area: 16%
[13:57:03] [Render thread/INFO]: World loading finished: null screen: net.minecraft.client.gui.screens.LevelLoadingScreen@1c447501
[13:57:03] [Render thread/INFO]: World loading finished: null screen: net.minecraft.client.gui.screens.LevelLoadingScreen@1c447501
[13:57:03] [Render thread/INFO]: World loading finished: null screen: net.minecraft.client.gui.screens.LevelLoadingScreen@1c447501
[13:57:03] [Render thread/INFO]: World loading finished: null screen: net.minecraft.client.gui.screens.LevelLoadingScreen@1c447501
[13:57:03] [Render thread/INFO]: World loading finished: null screen: net.minecraft.client.gui.screens.LevelLoadingScreen@1c447501
[13:57:03] [Render thread/INFO]: World loading finished: null screen: net.minecraft.client.gui.screens.LevelLoadingScreen@1c447501
[13:57:03] [Server thread/INFO]: Time elapsed: 973 ms
[13:57:03] [Render thread/INFO]: World loading finished: null screen: net.minecraft.client.gui.screens.LevelLoadingScreen@1c447501
[13:57:03] [Server thread/INFO]: QuietTest[local:E:e41d5a91] logged in with entity id 1 at (0.5, -60.0, 0.5)
[13:57:03] [Server thread/INFO]: QuietTest joined the game
[13:57:03] [Server thread/INFO]: Changing view distance to 5, from 10
[13:57:03] [Server thread/INFO]: Changing simulation distance to 12, from 0
[13:57:03] [Render thread/INFO]: World loading finished: null screen: net.minecraft.client.gui.screens.LevelLoadingScreen@1c447501
[13:57:03] [Render thread/WARN]: Ignoring chat session from QuietTest due to missing Services public key
[13:57:03] [Render thread/INFO]: Loaded 2 advancements
[13:57:03] [Render thread/INFO]: World loading finished: ClientLevel screen: net.minecraft.client.gui.screens.LevelLoadingScreen@1c447501
[13:57:03] [Render thread/INFO]: Resizing Dynamic Transforms UBO, capacity limit of 2 reached during a single frame. New capacity will be 4.
[13:57:03] [Render thread/INFO]: World loading finished: ClientLevel screen: net.minecraft.client.gui.screens.LevelLoadingScreen@1c447501
[13:57:03] [Render thread/INFO]: Resizing Dynamic Transforms UBO, capacity limit of 4 reached during a single frame. New capacity will be 8.
[13:57:03] [Render thread/INFO]: Resizing Dynamic Transforms UBO, capacity limit of 8 reached during a single frame. New capacity will be 16.
[13:57:03] [Render thread/INFO]: World loading finished: ClientLevel screen: net.minecraft.client.gui.screens.LevelLoadingScreen@1c447501
[13:57:03] [Render thread/INFO]: World loading finished: ClientLevel screen: net.minecraft.client.gui.screens.LevelLoadingScreen@1c447501
[13:57:04] [Render thread/INFO]: World loading finished: ClientLevel screen: net.minecraft.client.gui.screens.LevelLoadingScreen@1c447501
[13:57:04] [Render thread/INFO]: Resizing Chunk Sections UBO, capacity limit of 2 reached during a single frame. New capacity will be 8.
[13:57:04] [Render thread/INFO]: World loading finished: ClientLevel screen: net.minecraft.client.gui.screens.LevelLoadingScreen@1c447501
[13:57:04] [Render thread/INFO]: World loading finished: ClientLevel screen: net.minecraft.client.gui.screens.LevelLoadingScreen@1c447501
[13:57:04] [Render thread/INFO]: World loading finished: ClientLevel screen: net.minecraft.client.gui.screens.LevelLoadingScreen@1c447501
[13:57:04] [Render thread/INFO]: Resizing Chunk Sections UBO, capacity limit of 8 reached during a single frame. New capacity will be 16.
[13:57:04] [Render thread/INFO]: World loading finished: ClientLevel screen: net.minecraft.client.gui.screens.LevelLoadingScreen@1c447501
[13:57:04] [Render thread/INFO]: World loading finished: ClientLevel screen: net.minecraft.client.gui.screens.LevelLoadingScreen@1c447501
[13:57:04] [Render thread/INFO]: World loading finished: ClientLevel screen: net.minecraft.client.gui.screens.LevelLoadingScreen@1c447501
[13:57:04] [Render thread/INFO]: World loading finished: ClientLevel screen: net.minecraft.client.gui.screens.LevelLoadingScreen@1c447501
[13:57:04] [Render thread/INFO]: World loading finished: ClientLevel screen: net.minecraft.client.gui.screens.LevelLoadingScreen@1c447501
[13:57:04] [Render thread/INFO]: World loading finished: ClientLevel screen: net.minecraft.client.gui.screens.LevelLoadingScreen@1c447501
[13:57:04] [Render thread/INFO]: World loading finished: ClientLevel screen: net.minecraft.client.gui.screens.LevelLoadingScreen@1c447501
[13:57:04] [Render thread/INFO]: World loading finished: ClientLevel screen: null
[13:57:04] [Server thread/INFO]: Changing view distance to 4, from 5
[13:57:04] [Render thread/INFO]: Resizing Chunk Sections UBO, capacity limit of 16 reached during a single frame. New capacity will be 32.
[13:57:05] [Server thread/INFO]: Set minecraft:overworld to time marker minecraft:day
[13:57:05] [Render thread/INFO]: Resizing Chunk Sections UBO, capacity limit of 32 reached during a single frame. New capacity will be 64.
[13:57:05] [Render thread/INFO]: Resizing Dynamic Transforms UBO, capacity limit of 16 reached during a single frame. New capacity will be 32.
[13:57:07] [Server thread/INFO]: Played sound minecraft:block.amethyst_block.chime to QuietTest
[13:57:12] [Render thread/INFO]: [STDOUT]: CAPABILITY_AUDIO master=0.6 listener=ListenerTransform[position=(0.5, -58.38000011444092, 9.13060733762779), forward=(0.0, 0.0, 1.0), up=(0.0, 1.0, 0.0)] player=(0.5, -60.0, 9.13060733762779)
[13:57:12] [Server thread/INFO]: Played sound minecraft:entity.cow.ambient to QuietTest
[13:57:16] [Server thread/INFO]: Played sound minecraft:block.note_block.bell to QuietTest
[13:57:20] [Render thread/INFO]: Resizing Chunk Sections UBO, capacity limit of 64 reached during a single frame. New capacity will be 128.
[13:57:20] [Render thread/INFO]: [STDOUT]: CAPABILITY_METRICS fps=30 frameNs=37628357 heap=794820608 tickNs=1160332
[13:57:20] [Test thread/INFO]: [STDOUT]: CAPABILITY_GAMEPLAY_PASS distance=8.374761235223515
[13:57:20] [Server thread/INFO]: QuietTest lost connection: Disconnected
[13:57:20] [Server thread/INFO]: QuietTest left the game
[13:57:20] [Server thread/INFO]: Stopping singleplayer server as player logged out
[13:57:20] [Server thread/INFO]: Stopping server
[13:57:20] [Server thread/INFO]: Saving players
[13:57:20] [Server thread/INFO]: Saving worlds
[13:57:20] [Server thread/INFO]: Saving chunks for level 'ServerLevel[New World]'/minecraft:overworld
[13:57:20] [Server thread/INFO]: Saving chunks for level 'ServerLevel[New World]'/minecraft:the_nether
[13:57:20] [Server thread/INFO]: Saving chunks for level 'ServerLevel[New World]'/minecraft:the_end
[13:57:20] [Server thread/INFO]: ThreadedAnvilChunkStorage (world): All chunks are saved
[13:57:20] [Server thread/INFO]: ThreadedAnvilChunkStorage (DIM-1): All chunks are saved
[13:57:20] [Server thread/INFO]: ThreadedAnvilChunkStorage (DIM1): All chunks are saved
[13:57:20] [Server thread/INFO]: ThreadedAnvilChunkStorage: All dimensions are saved
[13:57:20] [Render thread/INFO]: Stopping!
